
Err:
[33mWarning:[0m this command has been changed to [96minfracost auth login[0m, which does the same thing - showing information for that command.

