
ðŸ’° Infracost estimate: **monthly cost will not change**
<table>
  <thead>
    <td>Project</td>
    <td>Previous</td>
    <td>New</td>
    <td>Diff</td>
  </thead>
  <tbody>
    <tr>
      <td>All projects</td>
      <td align="right">$40.56</td>
      <td align="right">$40.56</td>
      <td>$0</td>
    </tr>
  </tbody>
</table>

2 projects have no cost estimate changes.

<details>
<summary><strong>Infracost output</strong></summary>

```
â”€â”€â”€â”€â”€â”€â”€â”€â”€â”€â”€â”€â”€â”€â”€â”€â”€â”€â”€â”€â”€â”€â”€â”€â”€â”€â”€â”€â”€â”€â”€â”€â”€â”€

The following projects have no cost estimate changes: nochange_plan (Module path: dev), nochange_plan
Run the following command to see their breakdown: infracost breakdown --path=/path/to/code

â”€â”€â”€â”€â”€â”€â”€â”€â”€â”€â”€â”€â”€â”€â”€â”€â”€â”€â”€â”€â”€â”€â”€â”€â”€â”€â”€â”€â”€â”€â”€â”€â”€â”€

```
</details>

